Test name:Test 1
Test URL:https://jsonplaceholder.typicode.com/todos/1
Test result:True
---------------------------------------------
 